Reading lessons from: C:/Users/hyder/Desktop/compassion-course-website/.local-built-lessons
Filename pattern:     week-{n}.html
Writing audio to:     C:/Users/hyder/Desktop/compassion-course-website/.local-built-audio
Weeks:                1,2,3,4,5,6,7,8,9,10,11,12,13,14,15,16,17,18,19,20,21,22,23,24,25,26,27,28,29,30,31,32,33,34,35,36,37,38,39,40,41,42,43,44,45,46,47,49,50,51,52

Found 188 unique sections to generate.

[1/188] Generating: irbn2f.mp3 (The Concept
        ▼, 1650 chars)
  -> Saved 510.5 KB
[2/188] Generating: sluoe9_part1.mp3 (In Practice: A Tale of Two Fathers
        ▼ (part 1), 3974 chars)
  -> Saved 1171.1 KB
[3/188] Generating: sluoe9_part2.mp3 (In Practice: A Tale of Two Fathers
        ▼ (part 2), 2609 chars)
  -> Saved 785.2 KB
[4/188] Generating: qclza0.mp3 (Practice(s) for the Week
        ▼, 1675 chars)
  -> Saved 531.7 KB
[5/188] Generating: 56yl02.mp3 (The Concept
        ▼, 1754 chars)
  -> Saved 542.9 KB
[6/188] Generating: n2mpm.mp3 (So Why Do I Want to Know about Judgments?
        ▼, 2852 chars)
  -> Saved 855.7 KB
[7/188] Generating: nxi8m0.mp3 (In Practice: What Are We Listening For?
        ▼, 2707 chars)
  -> Saved 828.9 KB
[8/188] Generating: 1jsbm2u.mp3 (Practice(s) for the Week
        ▼, 1326 chars)
  -> Saved 411.4 KB
[9/188] Generating: 6u1k5.mp3 (The Concept
        ▼, 3190 chars)
  -> Saved 998.7 KB
[10/188] Generating: w66ji6_part1.mp3 (In Practice: My First Day of School and What I Learned about Feelings and Needs
        ▼ (part 1), 3977 chars)
  -> Saved 1203.2 KB
[11/188] Generating: w66ji6_part2.mp3 (In Practice: My First Day of School and What I Learned about Feelings and Needs
        ▼ (part 2), 676 chars)
  -> Saved 208.2 KB
[12/188] Generating: 1blfmu7.mp3 (Practices for the Week
        ▼, 2370 chars)
  -> Saved 698.3 KB
[13/188] Generating: 1jkcizp.mp3 (The Concept
        ▼, 1312 chars)
  -> Saved 402.5 KB
[14/188] Generating: khowi7.mp3 (What Are Needs Really?
        ▼, 1808 chars)
  -> Saved 558.6 KB
[15/188] Generating: 1o2v907.mp3 (Needs Are Not Strategies
        ▼, 1027 chars)
  -> Saved 319.5 KB
[16/188] Generating: 198994i.mp3 (In Practice: The Riddle of the Smiths
        ▼, 1615 chars)
  -> Saved 511.2 KB
[17/188] Generating: n4nbz8.mp3 (Practice(s) for the Week
        ▼, 1134 chars)
  -> Saved 350.6 KB
[18/188] Generating: olmdnj.mp3 (The Concept
        ▼, 1634 chars)
  -> Saved 514.4 KB
[19/188] Generating: 156kiz0.mp3 (In Practice
        ▼, 2145 chars)
  -> Saved 647.4 KB
[20/188] Generating: kqfqlh.mp3 (Practice(s) for the Week
        ▼, 1162 chars)
  -> Saved 365.9 KB
[21/188] Generating: 1r4s4iz_part1.mp3 (The Concept
        ▼ (part 1), 3982 chars)
  -> Saved 1221.9 KB
[22/188] Generating: 1r4s4iz_part2.mp3 (The Concept
        ▼ (part 2), 142 chars)
  -> Saved 44.3 KB
[23/188] Generating: httkyh.mp3 (In Practice
        ▼, 3861 chars)
  -> Saved 1178.9 KB
[24/188] Generating: 116jjls.mp3 (Practice(s) for the Week
        ▼, 2478 chars)
  -> Saved 768.2 KB
[25/188] Generating: 1y6nbqz.mp3 (The Concept
        ▼, 3293 chars)
  -> Saved 992.2 KB
[26/188] Generating: vqxvhh.mp3 (In Practice
        ▼, 2277 chars)
  -> Saved 704.3 KB
[27/188] Generating: ddyklo.mp3 (Practice(s) for the Week
        ▼, 1411 chars)
  -> Saved 442.4 KB
[28/188] Generating: 1ojn769.mp3 (The Concept
        ▼, 2751 chars)
  -> Saved 851.8 KB
[29/188] Generating: 1wob4j3.mp3 (In Practice
        ▼, 2356 chars)
  -> Saved 713.2 KB
[30/188] Generating: ebewr2.mp3 (Practice(s) for the Week
        ▼, 649 chars)
  -> Saved 194.0 KB
[31/188] Generating: ulj5y7.mp3 (The Concept
        ▼, 3943 chars)
  -> Saved 1198.3 KB
[32/188] Generating: 1d2zj7c.mp3 (In Practice
        ▼, 2015 chars)
  -> Saved 614.7 KB
[33/188] Generating: 45x2rx.mp3 (Practice(s) for the Week
        ▼, 1739 chars)
  -> Saved 546.0 KB
[34/188] Generating: lcuwkj_part1.mp3 (The Concept
        ▼ (part 1), 3908 chars)
  -> Saved 1197.6 KB
[35/188] Generating: lcuwkj_part2.mp3 (The Concept
        ▼ (part 2), 3509 chars)
  -> Saved 1040.1 KB
[36/188] Generating: fsf394.mp3 (In Practice: The Car, the Clubs and the Cab Driver
        ▼, 3027 chars)
  -> Saved 924.7 KB
[37/188] Generating: 18e1yhh.mp3 (Practice(s) for the Week
        ▼, 1720 chars)
  -> Saved 501.2 KB
[38/188] Generating: 1g2ark8_part1.mp3 (The Concept
        ▼ (part 1), 3904 chars)
  -> Saved 1189.4 KB
[39/188] Generating: 1g2ark8_part2.mp3 (The Concept
        ▼ (part 2), 473 chars)
  -> Saved 137.1 KB
[40/188] Generating: 17lboit.mp3 (In Practice
        ▼, 965 chars)
  -> Saved 302.5 KB
[41/188] Generating: 1kpv7s4.mp3 (Practice(s) for the Week
        ▼, 733 chars)
  -> Saved 227.2 KB
[42/188] Generating: 1jqqh9b.mp3 (The Concept
        ▼, 3158 chars)
  -> Saved 949.4 KB
[43/188] Generating: 15995hz.mp3 (In Practice
        ▼, 3735 chars)
  -> Saved 1137.2 KB
[44/188] Generating: 1pv4k30.mp3 (Practice(s) for the Week
        ▼, 2394 chars)
  -> ERROR: API returned 401: {"detail":{"type":"invalid_request","code":"quota_exceeded","message":"This request exceeds your quota of 102695. You have 1651 credits remaining, while 2394 credits are required for this request.","status":"quota_exceeded","request_id":"3cdffb8d9dd328b714ec7eb5370aebc4"}}
[45/188] Generating: ki5ko0_part1.mp3 (The Concept
        ▼ (part 1), 3983 chars)
  -> ERROR: API returned 401: {"detail":{"type":"invalid_request","code":"quota_exceeded","message":"This request exceeds your quota of 102695. You have 1651 credits remaining, while 3983 credits are required for this request.","status":"quota_exceeded","request_id":"b9b2546ab5a365d614ec7eb5370ae233"}}
[46/188] Generating: ki5ko0_part2.mp3 (The Concept
        ▼ (part 2), 1755 chars)
  -> ERROR: API returned 401: {"detail":{"type":"invalid_request","code":"quota_exceeded","message":"This request exceeds your quota of 102695. You have 1651 credits remaining, while 1755 credits are required for this request.","status":"quota_exceeded","request_id":"cb2ff5ce6cad584514ec7eb5370ae553"}}
[47/188] SKIP (exists): 1481ips_part1.mp3
[48/188] SKIP (exists): 1481ips_part2.mp3
[49/188] Generating: x97eu0.mp3 (Practice(s) for the Week
        ▼, 651 chars)
  -> Saved 213.4 KB
[50/188] Generating: 5w0if_part1.mp3 (The Concept
        ▼ (part 1), 3899 chars)
  -> ERROR: API returned 401: {"detail":{"type":"invalid_request","code":"quota_exceeded","message":"This request exceeds your quota of 102695. You have 1000 credits remaining, while 3899 credits are required for this request.","status":"quota_exceeded","request_id":"18561a0b4450ffb34769f042ef5bfc5e"}}
[51/188] Generating: 5w0if_part2.mp3 (The Concept
        ▼ (part 2), 1433 chars)
  -> ERROR: API returned 401: {"detail":{"type":"invalid_request","code":"quota_exceeded","message":"This request exceeds your quota of 102695. You have 1000 credits remaining, while 1433 credits are required for this request.","status":"quota_exceeded","request_id":"46240d162a8981df4769f042ef5bf219"}}
[52/188] Generating: 13jed2o.mp3 (In Practice
        ▼, 3205 chars)
  -> ERROR: API returned 401: {"detail":{"type":"invalid_request","code":"quota_exceeded","message":"This request exceeds your quota of 102695. You have 1000 credits remaining, while 3205 credits are required for this request.","status":"quota_exceeded","request_id":"bc95ce094bda08af4769f042ef5bfd57"}}
[53/188] Generating: 1jjxcph.mp3 (Practice(s) for the Week
        ▼, 1895 chars)
  -> ERROR: API returned 401: {"detail":{"type":"invalid_request","code":"quota_exceeded","message":"This request exceeds your quota of 102695. You have 1000 credits remaining, while 1895 credits are required for this request.","status":"quota_exceeded","request_id":"6735bc2bc424b9224769f042ef5bf1f1"}}
[54/188] Generating: 10p61hc_part1.mp3 (The Concept
        ▼ (part 1), 3929 chars)
  -> ERROR: API returned 401: {"detail":{"type":"invalid_request","code":"quota_exceeded","message":"This request exceeds your quota of 102695. You have 1000 credits remaining, while 3929 credits are required for this request.","status":"quota_exceeded","request_id":"9f544b878270bd4ca49b1fcfb3abb060"}}
[55/188] Generating: 10p61hc_part2.mp3 (The Concept
        ▼ (part 2), 1653 chars)
  -> ERROR: API returned 401: {"detail":{"type":"invalid_request","code":"quota_exceeded","message":"This request exceeds your quota of 102695. You have 1000 credits remaining, while 1653 credits are required for this request.","status":"quota_exceeded","request_id":"b51e9b62ebb79502a49b1fcfb3abbc62"}}
[56/188] Generating: 8tr4g5.mp3 (In Practice
        ▼, 2184 chars)
  -> ERROR: API returned 401: {"detail":{"type":"invalid_request","code":"quota_exceeded","message":"This request exceeds your quota of 102695. You have 1000 credits remaining, while 2184 credits are required for this request.","status":"quota_exceeded","request_id":"8c38aedd7c606ecca49b1fcfb3abb7ee"}}
[57/188] Generating: kc9ry.mp3 (Practice(s) for the Week
        ▼, 1484 chars)
  -> ERROR: API returned 401: {"detail":{"type":"invalid_request","code":"quota_exceeded","message":"This request exceeds your quota of 102695. You have 1000 credits remaining, while 1484 credits are required for this request.","status":"quota_exceeded","request_id":"e735236f86d489efa49b1fcfb3abb07c"}}
[58/188] Generating: 1tgbqd1_part1.mp3 (The Concept
        ▼ (part 1), 3921 chars)
  -> ERROR: API returned 401: {"detail":{"type":"invalid_request","code":"quota_exceeded","message":"This request exceeds your quota of 102695. You have 1000 credits remaining, while 3921 credits are required for this request.","status":"quota_exceeded","request_id":"82e920ee2305cbed70aa4b1e22433b45"}}
[59/188] Generating: 1tgbqd1_part2.mp3 (The Concept
        ▼ (part 2), 282 chars)
  -> Saved 86.0 KB
[60/188] SKIP (exists): 17wvz92.mp3
[61/188] SKIP (exists): 1k0amn1.mp3
[62/188] Generating: f2yzz4_part1.mp3 (The Concept
        ▼ (part 1), 3943 chars)
  -> ERROR: API returned 401: {"detail":{"type":"invalid_request","code":"quota_exceeded","message":"This request exceeds your quota of 102695. You have 718 credits remaining, while 3943 credits are required for this request.","status":"quota_exceeded","request_id":"984f7a3714d0238a934aed84626d13af"}}
[63/188] Generating: f2yzz4_part2.mp3 (The Concept
        ▼ (part 2), 235 chars)
  -> Saved 69.4 KB
[64/188] SKIP (exists): 1ivpl68.mp3
[65/188] Generating: u0r4an.mp3 (Practice(s) for the Week
        ▼, 670 chars)
  -> Saved 207.3 KB
[66/188] Generating: 18zradh.mp3 (The Concept
        ▼, 2821 chars)
  -> ERROR: API returned 401: {"detail":{"type":"invalid_request","code":"quota_exceeded","message":"This request exceeds your quota of 102695. You have 981 credits remaining, while 2821 credits are required for this request.","status":"quota_exceeded","request_id":"df933981f4da18360fd0b9167e0c09a7"}}
[67/188] SKIP (exists): 1sty1fi.mp3
[68/188] Generating: tq8oa1.mp3 (Practice(s) for the Week
        ▼, 1307 chars)
  -> ERROR: API returned 401: {"detail":{"type":"invalid_request","code":"quota_exceeded","message":"This request exceeds your quota of 102695. You have 0 credits remaining, while 1307 credits are required for this request.","status":"quota_exceeded","request_id":"fc4dfb55ad8a7ce30fd0b9167e0c0086"}}
[69/188] Generating: hu993o_part1.mp3 (The Concept
        ▼ (part 1), 3955 chars)
  -> ERROR: API returned 401: {"detail":{"type":"invalid_request","code":"quota_exceeded","message":"This request exceeds your quota of 102695. You have 0 credits remaining, while 3955 credits are required for this request.","status":"quota_exceeded","request_id":"ec9000051d3b12b30fd0b9167e0c03c6"}}
[70/188] Generating: hu993o_part2.mp3 (The Concept
        ▼ (part 2), 1644 chars)
  -> ERROR: API returned 401: {"detail":{"type":"invalid_request","code":"quota_exceeded","message":"This request exceeds your quota of 102695. You have 0 credits remaining, while 1644 credits are required for this request.","status":"quota_exceeded","request_id":"6ba4ede2cfa7879c0fd0b9167e0c0e94"}}
[71/188] Generating: ylpmla.mp3 (In Practice
        ▼, 2470 chars)
  -> ERROR: API returned 401: {"detail":{"type":"invalid_request","code":"quota_exceeded","message":"This request exceeds your quota of 102695. You have 0 credits remaining, while 2470 credits are required for this request.","status":"quota_exceeded","request_id":"b2a9b87194b919ba62d7da8656ad324e"}}
[72/188] SKIP (exists): 1vxpwlu.mp3
[73/188] Generating: 2ksdvi.mp3 (The Concept
        ▼, 3573 chars)
  -> ERROR: API returned 401: {"detail":{"type":"invalid_request","code":"quota_exceeded","message":"This request exceeds your quota of 102695. You have 0 credits remaining, while 3573 credits are required for this request.","status":"quota_exceeded","request_id":"f000bd72dbd2f2ae62d7da8656ad37a2"}}
[74/188] SKIP (exists): 10e5uns.mp3
[75/188] Generating: n72b3v.mp3 (Practice(s) for the Week
        ▼, 613 chars)
  -> ERROR: API returned 401: {"detail":{"type":"invalid_request","code":"quota_exceeded","message":"This request exceeds your quota of 102695. You have 0 credits remaining, while 613 credits are required for this request.","status":"quota_exceeded","request_id":"7b8be5af463b380f62d7da8656ad349e"}}
[76/188] Generating: o6cqct.mp3 (The Concept
        ▼, 3148 chars)
  -> ERROR: API returned 401: {"detail":{"type":"invalid_request","code":"quota_exceeded","message":"This request exceeds your quota of 102695. You have 0 credits remaining, while 3148 credits are required for this request.","status":"quota_exceeded","request_id":"421b6d0e157afd4462d7da8656ad3013"}}
[77/188] SKIP (exists): kelin9.mp3
[78/188] Generating: ksbe0o.mp3 (Practice(s) for the Week
        ▼, 1348 chars)
  -> ERROR: API returned 401: {"detail":{"type":"invalid_request","code":"quota_exceeded","message":"This request exceeds your quota of 102695. You have 0 credits remaining, while 1348 credits are required for this request.","status":"quota_exceeded","request_id":"8c0ee13bf5395dc22a60ce895255267a"}}
[79/188] Generating: 17msjit.mp3 (The Concept
        ▼, 3610 chars)
  -> ERROR: API returned 401: {"detail":{"type":"invalid_request","code":"quota_exceeded","message":"This request exceeds your quota of 102695. You have 0 credits remaining, while 3610 credits are required for this request.","status":"quota_exceeded","request_id":"41c455b7d98983902a60ce89525524f1"}}
[80/188] Generating: 1levn8u.mp3 (In Practice: A Moving Experience
        ▼, 1920 chars)
  -> ERROR: API returned 401: {"detail":{"type":"invalid_request","code":"quota_exceeded","message":"This request exceeds your quota of 102695. You have 0 credits remaining, while 1920 credits are required for this request.","status":"quota_exceeded","request_id":"23e50264bd5094d12a60ce895255226a"}}
[81/188] Generating: lnxih0.mp3 (Practice(s) for the Week
        ▼, 1311 chars)
  -> ERROR: API returned 401: {"detail":{"type":"invalid_request","code":"quota_exceeded","message":"This request exceeds your quota of 102695. You have 0 credits remaining, while 1311 credits are required for this request.","status":"quota_exceeded","request_id":"9671356cfe9f81472a60ce8952552ea4"}}
[82/188] Generating: avdb8g.mp3 (The Concept
        ▼, 2643 chars)
  -> ERROR: API returned 401: {"detail":{"type":"invalid_request","code":"quota_exceeded","message":"This request exceeds your quota of 102695. You have 0 credits remaining, while 2643 credits are required for this request.","status":"quota_exceeded","request_id":"ef04759197713fc7ac041c04efedc2f6"}}
[83/188] Generating: 1js6ycz.mp3 (In Practice
        ▼, 2682 chars)
  -> ERROR: API returned 401: {"detail":{"type":"invalid_request","code":"quota_exceeded","message":"This request exceeds your quota of 102695. You have 0 credits remaining, while 2682 credits are required for this request.","status":"quota_exceeded","request_id":"1199431b15868c4bac041c04efedcd03"}}
[84/188] Generating: 1vwogrc.mp3 (Practice(s) for the Week
        ▼, 2921 chars)
  -> ERROR: API returned 401: {"detail":{"type":"invalid_request","code":"quota_exceeded","message":"This request exceeds your quota of 102695. You have 0 credits remaining, while 2921 credits are required for this request.","status":"quota_exceeded","request_id":"9a37c169281edaacac041c04efedc2e9"}}
[85/188] Generating: n94c2m.mp3 (The Concept
        ▼, 3934 chars)
  -> ERROR: API returned 401: {"detail":{"type":"invalid_request","code":"quota_exceeded","message":"This request exceeds your quota of 102695. You have 0 credits remaining, while 3934 credits are required for this request.","status":"quota_exceeded","request_id":"15b40bdc07351626ac041c04efedc09e"}}
[86/188] Generating: 1u9il0w_part1.mp3 (In Practice
        ▼ (part 1), 3953 chars)
  -> ERROR: API returned 401: {"detail":{"type":"invalid_request","code":"quota_exceeded","message":"This request exceeds your quota of 102695. You have 0 credits remaining, while 3953 credits are required for this request.","status":"quota_exceeded","request_id":"73167c99bd1f4355ac041c04efedcfa8"}}
[87/188] Generating: 1u9il0w_part2.mp3 (In Practice
        ▼ (part 2), 546 chars)
  -> ERROR: API returned 401: {"detail":{"type":"invalid_request","code":"quota_exceeded","message":"This request exceeds your quota of 102695. You have 0 credits remaining, while 546 credits are required for this request.","status":"quota_exceeded","request_id":"404ac909eb5f243e61cd0507fec4c027"}}
[88/188] Generating: 118ymp2.mp3 (Practice(s) for the Week
        ▼, 2274 chars)
  -> ERROR: API returned 401: {"detail":{"type":"invalid_request","code":"quota_exceeded","message":"This request exceeds your quota of 102695. You have 0 credits remaining, while 2274 credits are required for this request.","status":"quota_exceeded","request_id":"234b8cbb1da8c00461cd0507fec4cb0a"}}
[89/188] Generating: iq11s7.mp3 (The Concept
        ▼, 2087 chars)
  -> ERROR: API returned 401: {"detail":{"type":"invalid_request","code":"quota_exceeded","message":"This request exceeds your quota of 102695. You have 0 credits remaining, while 2087 credits are required for this request.","status":"quota_exceeded","request_id":"ef9866bf873816be61cd0507fec4cc88"}}
[90/188] SKIP (exists): rq5jlb_part1.mp3
[91/188] SKIP (exists): rq5jlb_part2.mp3
[92/188] Generating: 11chaw6.mp3 (Practice(s) for the Week
        ▼, 612 chars)
  -> ERROR: API returned 401: {"detail":{"type":"invalid_request","code":"quota_exceeded","message":"This request exceeds your quota of 102695. You have 0 credits remaining, while 612 credits are required for this request.","status":"quota_exceeded","request_id":"d6b7bb4b25152f8061cd0507fec4c19d"}}
[93/188] Generating: 122dro3_part1.mp3 (The Concept
        ▼ (part 1), 3921 chars)
  -> ERROR: API returned 401: {"detail":{"type":"invalid_request","code":"quota_exceeded","message":"This request exceeds your quota of 102695. You have 0 credits remaining, while 3921 credits are required for this request.","status":"quota_exceeded","request_id":"f3e98a8c80a4a00fee024297e052fcb2"}}
[94/188] Generating: 122dro3_part2.mp3 (The Concept
        ▼ (part 2), 480 chars)
  -> ERROR: API returned 401: {"detail":{"type":"invalid_request","code":"quota_exceeded","message":"This request exceeds your quota of 102695. You have 0 credits remaining, while 480 credits are required for this request.","status":"quota_exceeded","request_id":"349246ce12d73b21ee024297e052f4cf"}}
[95/188] SKIP (exists): 1n9d6zk.mp3
[96/188] Generating: 16wid0b.mp3 (Practice(s) for the Week
        ▼, 1085 chars)
  -> ERROR: API returned 401: {"detail":{"type":"invalid_request","code":"quota_exceeded","message":"This request exceeds your quota of 102695. You have 0 credits remaining, while 1085 credits are required for this request.","status":"quota_exceeded","request_id":"aed649fbd4f77ef3ee024297e052f6b9"}}
[97/188] Generating: 1ijnel_part1.mp3 (The Concept
        ▼ (part 1), 3801 chars)
  -> ERROR: API returned 401: {"detail":{"type":"invalid_request","code":"quota_exceeded","message":"This request exceeds your quota of 102695. You have 0 credits remaining, while 3801 credits are required for this request.","status":"quota_exceeded","request_id":"5544e75e47e1ab6cee024297e052f7d8"}}
[98/188] Generating: 1ijnel_part2.mp3 (The Concept
        ▼ (part 2), 531 chars)
  -> ERROR: API returned 401: {"detail":{"type":"invalid_request","code":"quota_exceeded","message":"This request exceeds your quota of 102695. You have 0 credits remaining, while 531 credits are required for this request.","status":"quota_exceeded","request_id":"c5878f80cd9d8657ee024297e052f3fa"}}
[99/188] Generating: i2adcn_part1.mp3 (In Practice
        ▼ (part 1), 4000 chars)
  -> ERROR: API returned 401: {"detail":{"type":"invalid_request","code":"quota_exceeded","message":"This request exceeds your quota of 102695. You have 0 credits remaining, while 4000 credits are required for this request.","status":"quota_exceeded","request_id":"e8ad6f9d76a21a057fde25631fbd12c0"}}
[100/188] Generating: i2adcn_part2.mp3 (In Practice
        ▼ (part 2), 617 chars)
  -> ERROR: API returned 401: {"detail":{"type":"invalid_request","code":"quota_exceeded","message":"This request exceeds your quota of 102695. You have 0 credits remaining, while 617 credits are required for this request.","status":"quota_exceeded","request_id":"9c71b594b55cc64a7fde25631fbd1d0e"}}
[101/188] Generating: vtmlzl.mp3 (Practice(s) for the Week
        ▼, 2040 chars)
  -> ERROR: API returned 401: {"detail":{"type":"invalid_request","code":"quota_exceeded","message":"This request exceeds your quota of 102695. You have 0 credits remaining, while 2040 credits are required for this request.","status":"quota_exceeded","request_id":"807bf74b98f4629c7fde25631fbd1152"}}
[102/188] Generating: fvhhxa.mp3 (The Concept
        ▼, 3930 chars)
  -> ERROR: API returned 401: {"detail":{"type":"invalid_request","code":"quota_exceeded","message":"This request exceeds your quota of 102695. You have 0 credits remaining, while 3930 credits are required for this request.","status":"quota_exceeded","request_id":"6dc4abfbda75f1187fde25631fbd1c1b"}}
[103/188] SKIP (exists): 1upxavx.mp3
[104/188] Generating: ye43k3.mp3 (Practice(s) for the Week
        ▼, 1001 chars)
  -> ERROR: API returned 401: {"detail":{"type":"invalid_request","code":"quota_exceeded","message":"This request exceeds your quota of 102695. You have 0 credits remaining, while 1001 credits are required for this request.","status":"quota_exceeded","request_id":"3331eb2bc8307e740543f737fb0f0a47"}}
[105/188] Generating: 1qdho1o.mp3 (The Concept
        ▼, 2809 chars)
  -> ERROR: API returned 401: {"detail":{"type":"invalid_request","code":"quota_exceeded","message":"This request exceeds your quota of 102695. You have 0 credits remaining, while 2809 credits are required for this request.","status":"quota_exceeded","request_id":"3af9726274a60ee90543f737fb0f0b21"}}
[106/188] SKIP (exists): r2y92u.mp3
[107/188] Generating: 1sry96w.mp3 (Practice(s) for the Week
        ▼, 2041 chars)
  -> ERROR: API returned 401: {"detail":{"type":"invalid_request","code":"quota_exceeded","message":"This request exceeds your quota of 102695. You have 0 credits remaining, while 2041 credits are required for this request.","status":"quota_exceeded","request_id":"9b5ed40d6e7ff4b00543f737fb0f094d"}}
[108/188] Generating: 1ggyc0b_part1.mp3 (The Concept
        ▼ (part 1), 3918 chars)
  -> ERROR: API returned 401: {"detail":{"type":"invalid_request","code":"quota_exceeded","message":"This request exceeds your quota of 102695. You have 0 credits remaining, while 3918 credits are required for this request.","status":"quota_exceeded","request_id":"c2d389d97d539a720543f737fb0f007e"}}
[109/188] Generating: 1ggyc0b_part2.mp3 (The Concept
        ▼ (part 2), 258 chars)
  -> ERROR: API returned 401: {"detail":{"type":"invalid_request","code":"quota_exceeded","message":"This request exceeds your quota of 102695. You have 0 credits remaining, while 258 credits are required for this request.","status":"quota_exceeded","request_id":"59d4a2f94fcdd5ac4109355fa6379840"}}
[110/188] SKIP (exists): eys154.mp3
[111/188] Generating: c30b0b.mp3 (Practice(s) for the Week
        ▼, 1689 chars)
  -> ERROR: API returned 401: {"detail":{"type":"invalid_request","code":"quota_exceeded","message":"This request exceeds your quota of 102695. You have 0 credits remaining, while 1689 credits are required for this request.","status":"quota_exceeded","request_id":"e8cd2add1bb62e984109355fa6379e02"}}
[112/188] SKIP (exists): uox6sg.mp3
[113/188] SKIP (exists): lltuo6.mp3
[114/188] Generating: 1qtmz8c.mp3 (Practice(s) for the Week
        ▼, 1529 chars)
  -> ERROR: API returned 401: {"detail":{"type":"invalid_request","code":"quota_exceeded","message":"This request exceeds your quota of 102695. You have 0 credits remaining, while 1529 credits are required for this request.","status":"quota_exceeded","request_id":"97ec709fd3f74e394109355fa6379461"}}
[115/188] Generating: 1e8vhxo.mp3 (The Concept
        ▼, 3765 chars)
  -> ERROR: API returned 401: {"detail":{"type":"invalid_request","code":"quota_exceeded","message":"This request exceeds your quota of 102695. You have 0 credits remaining, while 3765 credits are required for this request.","status":"quota_exceeded","request_id":"b3fa286c27fdd7f44109355fa6379075"}}
[116/188] SKIP (exists): 1t7d7vx.mp3
[117/188] Generating: 117y5dz.mp3 (Practice(s) for the Week
        ▼, 877 chars)
  -> ERROR: API returned 401: {"detail":{"type":"invalid_request","code":"quota_exceeded","message":"This request exceeds your quota of 102695. You have 0 credits remaining, while 877 credits are required for this request.","status":"quota_exceeded","request_id":"125d536c5c4318924109355fa63790cf"}}
[118/188] Generating: 11128he.mp3 (The Concept
        ▼, 3566 chars)
  -> ERROR: API returned 401: {"detail":{"type":"invalid_request","code":"quota_exceeded","message":"This request exceeds your quota of 102695. You have 0 credits remaining, while 3566 credits are required for this request.","status":"quota_exceeded","request_id":"eb3afebebc3b6d9ccaacae7aee5dc2c1"}}
[119/188] SKIP (exists): 1etas4v_part1.mp3
[120/188] SKIP (exists): 1etas4v_part2.mp3
[121/188] Generating: 17mge6j.mp3 (Practice(s) for the Week
        ▼, 1893 chars)
  -> ERROR: API returned 401: {"detail":{"type":"invalid_request","code":"quota_exceeded","message":"This request exceeds your quota of 102695. You have 0 credits remaining, while 1893 credits are required for this request.","status":"quota_exceeded","request_id":"f2bae1d15e7b04accaacae7aee5dc335"}}
[122/188] Generating: 1704f8b.mp3 (The Concept
        ▼, 2752 chars)
  -> ERROR: API returned 401: {"detail":{"type":"invalid_request","code":"quota_exceeded","message":"This request exceeds your quota of 102695. You have 0 credits remaining, while 2752 credits are required for this request.","status":"quota_exceeded","request_id":"1ebe1fdf10cb63b0caacae7aee5dc55c"}}
[123/188] Generating: 16r0hcj.mp3 (In Practice
        ▼, 2181 chars)
  -> ERROR: API returned 401: {"detail":{"type":"invalid_request","code":"quota_exceeded","message":"This request exceeds your quota of 102695. You have 0 credits remaining, while 2181 credits are required for this request.","status":"quota_exceeded","request_id":"2dbb327b1bd86beccaacae7aee5dc257"}}
[124/188] Generating: 13ztawz.mp3 (Practice(s) for the Week
        ▼, 1583 chars)
  -> ERROR: API returned 401: {"detail":{"type":"invalid_request","code":"quota_exceeded","message":"This request exceeds your quota of 102695. You have 0 credits remaining, while 1583 credits are required for this request.","status":"quota_exceeded","request_id":"02ae306139d89fcdcaacae7aee5dc16c"}}
[125/188] Generating: 1aojxwz.mp3 (The Concept
        ▼, 2889 chars)
  -> ERROR: API returned 401: {"detail":{"type":"invalid_request","code":"quota_exceeded","message":"This request exceeds your quota of 102695. You have 0 credits remaining, while 2889 credits are required for this request.","status":"quota_exceeded","request_id":"d2cef03abc361d3acaacae7aee5dc5ff"}}
[126/188] Generating: 1r9m0je.mp3 (In Practice
        ▼, 3484 chars)
  -> ERROR: API returned 401: {"detail":{"type":"invalid_request","code":"quota_exceeded","message":"This request exceeds your quota of 102695. You have 0 credits remaining, while 3484 credits are required for this request.","status":"quota_exceeded","request_id":"104476bfe016f9497cd8d08366d0dd2e"}}
[127/188] Generating: h4uv8n.mp3 (Practice(s) for the Week
        ▼, 1393 chars)
  -> ERROR: API returned 401: {"detail":{"type":"invalid_request","code":"quota_exceeded","message":"This request exceeds your quota of 102695. You have 0 credits remaining, while 1393 credits are required for this request.","status":"quota_exceeded","request_id":"9f43e17fe12257837cd8d08366d0dea2"}}
[128/188] Generating: b3s4ia_part1.mp3 (The Concept
        ▼ (part 1), 3940 chars)
  -> ERROR: API returned 401: {"detail":{"type":"invalid_request","code":"quota_exceeded","message":"This request exceeds your quota of 102695. You have 0 credits remaining, while 3940 credits are required for this request.","status":"quota_exceeded","request_id":"921d33be67eb55fc7cd8d08366d0d50d"}}
[129/188] Generating: b3s4ia_part2.mp3 (The Concept
        ▼ (part 2), 1319 chars)
  -> ERROR: API returned 401: {"detail":{"type":"invalid_request","code":"quota_exceeded","message":"This request exceeds your quota of 102695. You have 483 credits remaining, while 1319 credits are required for this request.","status":"quota_exceeded","request_id":"8767bdd79050628a7cd8d08366d0d7bb"}}
[130/188] Generating: e6cs1s_part1.mp3 (In Practice
        ▼ (part 1), 3999 chars)
  -> ERROR: API returned 401: {"detail":{"type":"invalid_request","code":"quota_exceeded","message":"This request exceeds your quota of 102695. You have 483 credits remaining, while 3999 credits are required for this request.","status":"quota_exceeded","request_id":"67015cfd2acfd80d7cd8d08366d0d57c"}}
[131/188] Generating: e6cs1s_part2.mp3 (In Practice
        ▼ (part 2), 387 chars)
  -> Saved 129.4 KB
[132/188] Generating: 14c5mb7.mp3 (Practice(s) for the Week
        ▼, 1734 chars)
  -> ERROR: API returned 401: {"detail":{"type":"invalid_request","code":"quota_exceeded","message":"This request exceeds your quota of 102695. You have 96 credits remaining, while 1734 credits are required for this request.","status":"quota_exceeded","request_id":"1eed2ce00482695b9f9c53b7d194bc17"}}
[133/188] Generating: 1rwdlpt_part1.mp3 (The Concept
        ▼ (part 1), 3944 chars)
  -> ERROR: API returned 401: {"detail":{"type":"invalid_request","code":"quota_exceeded","message":"This request exceeds your quota of 102695. You have 96 credits remaining, while 3944 credits are required for this request.","status":"quota_exceeded","request_id":"83872d2d56737e059f9c53b7d194b518"}}
[134/188] Generating: 1rwdlpt_part2.mp3 (The Concept
        ▼ (part 2), 194 chars)
  -> ERROR: API returned 401: {"detail":{"type":"invalid_request","code":"quota_exceeded","message":"This request exceeds your quota of 102695. You have 96 credits remaining, while 194 credits are required for this request.","status":"quota_exceeded","request_id":"a766b8aae52ef5579f9c53b7d194b4f5"}}
[135/188] SKIP (exists): ys5dsk.mp3
[136/188] Generating: v0bhg1.mp3 (Practice(s) for the Week
        ▼, 1851 chars)
  -> ERROR: API returned 401: {"detail":{"type":"invalid_request","code":"quota_exceeded","message":"This request exceeds your quota of 102695. You have 96 credits remaining, while 1851 credits are required for this request.","status":"quota_exceeded","request_id":"11931cc33faa131a9f9c53b7d194b782"}}
[137/188] Generating: mw3mha_part1.mp3 (The Concept
        ▼ (part 1), 3787 chars)
  -> ERROR: API returned 401: {"detail":{"type":"invalid_request","code":"quota_exceeded","message":"This request exceeds your quota of 102695. You have 96 credits remaining, while 3787 credits are required for this request.","status":"quota_exceeded","request_id":"a4a48f358b94b70d9f9c53b7d194bce3"}}
[138/188] Generating: mw3mha_part2.mp3 (The Concept
        ▼ (part 2), 977 chars)
  -> ERROR: API returned 401: {"detail":{"type":"invalid_request","code":"quota_exceeded","message":"This request exceeds your quota of 102695. You have 96 credits remaining, while 977 credits are required for this request.","status":"quota_exceeded","request_id":"cba7035f984062cab1c3135c0cdf5e68"}}
[139/188] Generating: 2j9avi.mp3 (In Practice
        ▼, 2553 chars)
  -> ERROR: API returned 401: {"detail":{"type":"invalid_request","code":"quota_exceeded","message":"This request exceeds your quota of 102695. You have 96 credits remaining, while 2553 credits are required for this request.","status":"quota_exceeded","request_id":"045fb7ee362d963bb1c3135c0cdf5134"}}
[140/188] Generating: 96u9sg.mp3 (Practice(s) for the Week
        ▼, 934 chars)
  -> ERROR: API returned 401: {"detail":{"type":"invalid_request","code":"quota_exceeded","message":"This request exceeds your quota of 102695. You have 0 credits remaining, while 934 credits are required for this request.","status":"quota_exceeded","request_id":"80232447fd0a8094b1c3135c0cdf5d4a"}}
[141/188] Generating: 1x2kd0c.mp3 (The Concept
        ▼, 3699 chars)
  -> ERROR: API returned 401: {"detail":{"type":"invalid_request","code":"quota_exceeded","message":"This request exceeds your quota of 102695. You have 0 credits remaining, while 3699 credits are required for this request.","status":"quota_exceeded","request_id":"6dacce7bcd244db0b1c3135c0cdf56c9"}}
[142/188] Generating: vwbmom.mp3 (In Practice
        ▼, 3934 chars)
  -> ERROR: API returned 401: {"detail":{"type":"invalid_request","code":"quota_exceeded","message":"This request exceeds your quota of 102695. You have 0 credits remaining, while 3934 credits are required for this request.","status":"quota_exceeded","request_id":"6f98ab5b1b25d742b1c3135c0cdf5a64"}}
[143/188] Generating: 1kta0t0.mp3 (Practice(s) for the Week
        ▼, 1456 chars)
  -> ERROR: API returned 401: {"detail":{"type":"invalid_request","code":"quota_exceeded","message":"This request exceeds your quota of 102695. You have 0 credits remaining, while 1456 credits are required for this request.","status":"quota_exceeded","request_id":"6ad9ead604d5c9c30646e020c09fc177"}}
[144/188] Generating: 1lsz8av.mp3 (The Concept
        ▼, 3132 chars)
  -> ERROR: API returned 401: {"detail":{"type":"invalid_request","code":"quota_exceeded","message":"This request exceeds your quota of 102695. You have 0 credits remaining, while 3132 credits are required for this request.","status":"quota_exceeded","request_id":"8844733d2b48b8300646e020c09fc872"}}
[145/188] Generating: u4h8gy_part1.mp3 (In Practice
        ▼ (part 1), 3997 chars)
  -> ERROR: API returned 401: {"detail":{"type":"invalid_request","code":"quota_exceeded","message":"This request exceeds your quota of 102695. You have 0 credits remaining, while 3997 credits are required for this request.","status":"quota_exceeded","request_id":"e4e076312e29f3d90646e020c09fce25"}}
[146/188] Generating: u4h8gy_part2.mp3 (In Practice
        ▼ (part 2), 137 chars)
  -> ERROR: API returned 401: {"detail":{"type":"invalid_request","code":"quota_exceeded","message":"This request exceeds your quota of 102695. You have 0 credits remaining, while 137 credits are required for this request.","status":"quota_exceeded","request_id":"7fd03edba9bcb41e0646e020c09fc79e"}}
[147/188] Generating: zmx600.mp3 (Practice(s) for the Week
        ▼, 1921 chars)
  -> ERROR: API returned 401: {"detail":{"type":"invalid_request","code":"quota_exceeded","message":"This request exceeds your quota of 102695. You have 0 credits remaining, while 1921 credits are required for this request.","status":"quota_exceeded","request_id":"e9dd2242a848a2ed0646e020c09fcbde"}}
[148/188] Generating: t5vszu_part1.mp3 (The Concept
        ▼ (part 1), 3967 chars)
  -> ERROR: API returned 401: {"detail":{"type":"invalid_request","code":"quota_exceeded","message":"This request exceeds your quota of 102695. You have 0 credits remaining, while 3967 credits are required for this request.","status":"quota_exceeded","request_id":"0cccfcd1aa6e88c2e16048652a9b6827"}}
[149/188] Generating: t5vszu_part2.mp3 (The Concept
        ▼ (part 2), 528 chars)
  -> ERROR: API returned 401: {"detail":{"type":"invalid_request","code":"quota_exceeded","message":"This request exceeds your quota of 102695. You have 0 credits remaining, while 528 credits are required for this request.","status":"quota_exceeded","request_id":"6924ffdb31178cbee16048652a9b6a5a"}}
[150/188] Generating: c8cjs9.mp3 (In Practice
        ▼, 2820 chars)
  -> ERROR: API returned 401: {"detail":{"type":"invalid_request","code":"quota_exceeded","message":"This request exceeds your quota of 102695. You have 0 credits remaining, while 2820 credits are required for this request.","status":"quota_exceeded","request_id":"4b3480307be06fade16048652a9b6d91"}}
[151/188] Generating: 1yq9um9.mp3 (Practice(s) for the Week
        ▼, 1844 chars)
  -> ERROR: API returned 401: {"detail":{"type":"invalid_request","code":"quota_exceeded","message":"This request exceeds your quota of 102695. You have 0 credits remaining, while 1844 credits are required for this request.","status":"quota_exceeded","request_id":"c03a4a69a6779329e16048652a9b6601"}}
[152/188] Generating: 1v2hdzw.mp3 (The Concept
        ▼, 2650 chars)
  -> ERROR: API returned 401: {"detail":{"type":"invalid_request","code":"quota_exceeded","message":"This request exceeds your quota of 102695. You have 0 credits remaining, while 2650 credits are required for this request.","status":"quota_exceeded","request_id":"f6a77cf3fff3328e494048a65071d1da"}}
[153/188] Generating: 1fpmhhn_part1.mp3 (In Practice
        ▼ (part 1), 3836 chars)
  -> ERROR: API returned 401: {"detail":{"type":"invalid_request","code":"quota_exceeded","message":"This request exceeds your quota of 102695. You have 0 credits remaining, while 3836 credits are required for this request.","status":"quota_exceeded","request_id":"df6c11222e99df72494048a65071d57b"}}
[154/188] Generating: 1fpmhhn_part2.mp3 (In Practice
        ▼ (part 2), 775 chars)
  -> ERROR: API returned 401: {"detail":{"type":"invalid_request","code":"quota_exceeded","message":"This request exceeds your quota of 102695. You have 0 credits remaining, while 775 credits are required for this request.","status":"quota_exceeded","request_id":"d80dde4a6035023f494048a65071d891"}}
[155/188] Generating: 16e3atu.mp3 (Practice(s) for the Week
        ▼, 1189 chars)
  -> ERROR: API returned 401: {"detail":{"type":"invalid_request","code":"quota_exceeded","message":"This request exceeds your quota of 102695. You have 0 credits remaining, while 1189 credits are required for this request.","status":"quota_exceeded","request_id":"b46fa1b70d330434494048a65071dd88"}}
[156/188] Generating: ueh2zh.mp3 (The Concept
        ▼, 3808 chars)
  -> ERROR: API returned 401: {"detail":{"type":"invalid_request","code":"quota_exceeded","message":"This request exceeds your quota of 102695. You have 0 credits remaining, while 3808 credits are required for this request.","status":"quota_exceeded","request_id":"f3f588827f1001ac494048a65071dc2f"}}
[157/188] Generating: 1o7yd3j.mp3 (In Practice
        ▼, 2196 chars)
  -> ERROR: API returned 401: {"detail":{"type":"invalid_request","code":"quota_exceeded","message":"This request exceeds your quota of 102695. You have 0 credits remaining, while 2196 credits are required for this request.","status":"quota_exceeded","request_id":"7267eff0ada25924494048a65071d257"}}
[158/188] Generating: 1nh5k99.mp3 (Practice(s) for the Week
        ▼, 1177 chars)
  -> ERROR: API returned 401: {"detail":{"type":"invalid_request","code":"quota_exceeded","message":"This request exceeds your quota of 102695. You have 0 credits remaining, while 1177 credits are required for this request.","status":"quota_exceeded","request_id":"ccee771098c8cc83ba9ba638cc1db797"}}
[159/188] Generating: 1pbjc2c_part1.mp3 (The Concept
        ▼ (part 1), 3821 chars)
  -> ERROR: API returned 401: {"detail":{"type":"invalid_request","code":"quota_exceeded","message":"This request exceeds your quota of 102695. You have 0 credits remaining, while 3821 credits are required for this request.","status":"quota_exceeded","request_id":"9dbe089f6f7721d4ba9ba638cc1dbf0c"}}
[160/188] Generating: 1pbjc2c_part2.mp3 (The Concept
        ▼ (part 2), 302 chars)
  -> ERROR: API returned 401: {"detail":{"type":"invalid_request","code":"quota_exceeded","message":"This request exceeds your quota of 102695. You have 0 credits remaining, while 302 credits are required for this request.","status":"quota_exceeded","request_id":"67bb4d94bc1fe923ba9ba638cc1db685"}}
[161/188] Generating: 19p22yw.mp3 (In Practice
        ▼, 3511 chars)
  -> ERROR: API returned 401: {"detail":{"type":"invalid_request","code":"quota_exceeded","message":"This request exceeds your quota of 102695. You have 0 credits remaining, while 3511 credits are required for this request.","status":"quota_exceeded","request_id":"5ad49eaf87aa5b76ba9ba638cc1dba46"}}
[162/188] Generating: 1v75o1h.mp3 (Practice(s) for the Week
        ▼, 1769 chars)
  -> ERROR: API returned 401: {"detail":{"type":"invalid_request","code":"quota_exceeded","message":"This request exceeds your quota of 102695. You have 0 credits remaining, while 1769 credits are required for this request.","status":"quota_exceeded","request_id":"647f1aea48a8aa5cba9ba638cc1dbbe0"}}
[163/188] Generating: 1htjrwk_part1.mp3 (The Concept
        ▼ (part 1), 3906 chars)
  -> ERROR: API returned 401: {"detail":{"type":"invalid_request","code":"quota_exceeded","message":"This request exceeds your quota of 102695. You have 0 credits remaining, while 3906 credits are required for this request.","status":"quota_exceeded","request_id":"602d88071102761e968168f940713785"}}
[164/188] Generating: 1htjrwk_part2.mp3 (The Concept
        ▼ (part 2), 510 chars)
  -> ERROR: API returned 401: {"detail":{"type":"invalid_request","code":"quota_exceeded","message":"This request exceeds your quota of 102695. You have 0 credits remaining, while 510 credits are required for this request.","status":"quota_exceeded","request_id":"76470edb4fdc2976968168f940713079"}}
[165/188] Generating: 1ks5gfx.mp3 (In Practice
        ▼, 2114 chars)
  -> ERROR: API returned 401: {"detail":{"type":"invalid_request","code":"quota_exceeded","message":"This request exceeds your quota of 102695. You have 0 credits remaining, while 2114 credits are required for this request.","status":"quota_exceeded","request_id":"7f356f53c9bb29d4968168f940713809"}}
[166/188] Generating: ela6fq.mp3 (Practice(s) for the Week
        ▼, 3573 chars)
  -> ERROR: API returned 401: {"detail":{"type":"invalid_request","code":"quota_exceeded","message":"This request exceeds your quota of 102695. You have 0 credits remaining, while 3573 credits are required for this request.","status":"quota_exceeded","request_id":"a7c4213ca1f94fbe968168f9407131b2"}}
[167/188] Generating: gczryo.mp3 (The Concept
        ▼, 3501 chars)
  -> ERROR: API returned 401: {"detail":{"type":"invalid_request","code":"quota_exceeded","message":"This request exceeds your quota of 102695. You have 0 credits remaining, while 3501 credits are required for this request.","status":"quota_exceeded","request_id":"57a6d38162b9bc9a968168f940713022"}}
[168/188] Generating: 82npq7.mp3 (In Practice
        ▼, 2690 chars)
  -> ERROR: API returned 401: {"detail":{"type":"invalid_request","code":"quota_exceeded","message":"This request exceeds your quota of 102695. You have 0 credits remaining, while 2690 credits are required for this request.","status":"quota_exceeded","request_id":"901542d8fe0cd766968168f940713428"}}
[169/188] Generating: aqq673.mp3 (Practice(s) for the Week
        ▼, 937 chars)
  -> ERROR: API returned 401: {"detail":{"type":"invalid_request","code":"quota_exceeded","message":"This request exceeds your quota of 102695. You have 0 credits remaining, while 937 credits are required for this request.","status":"quota_exceeded","request_id":"e5ae29cb5244893bb0b9955e2e40bba5"}}
[170/188] Generating: 1q8c8m1.mp3 (The Concept
        ▼, 3850 chars)
  -> ERROR: API returned 401: {"detail":{"type":"invalid_request","code":"quota_exceeded","message":"This request exceeds your quota of 102695. You have 0 credits remaining, while 3850 credits are required for this request.","status":"quota_exceeded","request_id":"0fb44629d492d04bb0b9955e2e40b96a"}}
[171/188] Generating: ogwlsh.mp3 (In Practice
        ▼, 2950 chars)
  -> ERROR: API returned 401: {"detail":{"type":"invalid_request","code":"quota_exceeded","message":"This request exceeds your quota of 102695. You have 0 credits remaining, while 2950 credits are required for this request.","status":"quota_exceeded","request_id":"8911a76e1a87662ab0b9955e2e40b274"}}
[172/188] Generating: 1h5x5za.mp3 (Practice(s) for the Week
        ▼, 1997 chars)
  -> ERROR: API returned 401: {"detail":{"type":"invalid_request","code":"quota_exceeded","message":"This request exceeds your quota of 102695. You have 0 credits remaining, while 1997 credits are required for this request.","status":"quota_exceeded","request_id":"533f020bdbd19723b0b9955e2e40b693"}}
[173/188] Generating: 15qohcr.mp3 (The Concept
        ▼, 2789 chars)
  -> ERROR: API returned 401: {"detail":{"type":"invalid_request","code":"quota_exceeded","message":"This request exceeds your quota of 102695. You have 0 credits remaining, while 2789 credits are required for this request.","status":"quota_exceeded","request_id":"6c6f8514594587d4b0b9955e2e40b0fb"}}
[174/188] Generating: 1yyrkw8_part1.mp3 (In Practice
        ▼ (part 1), 4000 chars)
  -> ERROR: API returned 401: {"detail":{"type":"invalid_request","code":"quota_exceeded","message":"This request exceeds your quota of 102695. You have 0 credits remaining, while 4000 credits are required for this request.","status":"quota_exceeded","request_id":"7f52101d13cc6a564c22662fe62d4de8"}}
[175/188] Generating: 1yyrkw8_part2.mp3 (In Practice
        ▼ (part 2), 137 chars)
  -> ERROR: API returned 401: {"detail":{"type":"invalid_request","code":"quota_exceeded","message":"This request exceeds your quota of 102695. You have 0 credits remaining, while 137 credits are required for this request.","status":"quota_exceeded","request_id":"0ad04684b8a721f14c22662fe62d45a3"}}
[176/188] Generating: efbcor.mp3 (Practice(s) for the Week
        ▼, 1317 chars)
  -> ERROR: API returned 401: {"detail":{"type":"invalid_request","code":"quota_exceeded","message":"This request exceeds your quota of 102695. You have 0 credits remaining, while 1317 credits are required for this request.","status":"quota_exceeded","request_id":"528fa81ee78a497a4c22662fe62d4a58"}}
[177/188] Generating: 3iqisl_part1.mp3 (The Concept
        ▼ (part 1), 3994 chars)
  -> ERROR: API returned 401: {"detail":{"type":"invalid_request","code":"quota_exceeded","message":"This request exceeds your quota of 102695. You have 0 credits remaining, while 3994 credits are required for this request.","status":"quota_exceeded","request_id":"0de108bc7d1759aa4c22662fe62d47d8"}}
[178/188] Generating: 3iqisl_part2.mp3 (The Concept
        ▼ (part 2), 575 chars)
  -> ERROR: API returned 401: {"detail":{"type":"invalid_request","code":"quota_exceeded","message":"This request exceeds your quota of 102695. You have 0 credits remaining, while 575 credits are required for this request.","status":"quota_exceeded","request_id":"42de36212dc63b984c22662fe62d4907"}}
[179/188] Generating: 1nrj4qc.mp3 (In Practice
        ▼, 1962 chars)
  -> ERROR: API returned 401: {"detail":{"type":"invalid_request","code":"quota_exceeded","message":"This request exceeds your quota of 102695. You have 0 credits remaining, while 1962 credits are required for this request.","status":"quota_exceeded","request_id":"46a6c575e18cf99b4c22662fe62d4a54"}}
[180/188] Generating: s50ic4.mp3 (Practice(s) for the Week
        ▼, 2829 chars)
  -> ERROR: API returned 401: {"detail":{"type":"invalid_request","code":"quota_exceeded","message":"This request exceeds your quota of 102695. You have 0 credits remaining, while 2829 credits are required for this request.","status":"quota_exceeded","request_id":"1c1265a28b90b2883bcf7706813d13b3"}}
[181/188] Generating: hkaw4y_part1.mp3 (The Concept
        ▼ (part 1), 3838 chars)
  -> ERROR: API returned 401: {"detail":{"type":"invalid_request","code":"quota_exceeded","message":"This request exceeds your quota of 102695. You have 0 credits remaining, while 3838 credits are required for this request.","status":"quota_exceeded","request_id":"5c0f6f13b1b524ec3bcf7706813d146e"}}
[182/188] Generating: hkaw4y_part2.mp3 (The Concept
        ▼ (part 2), 488 chars)
  -> ERROR: API returned 401: {"detail":{"type":"invalid_request","code":"quota_exceeded","message":"This request exceeds your quota of 102695. You have 0 credits remaining, while 488 credits are required for this request.","status":"quota_exceeded","request_id":"8fb2488112084eb13bcf7706813d134e"}}
[183/188] Generating: 1c2okfo.mp3 (In Practice
        ▼, 2157 chars)
  -> ERROR: API returned 401: {"detail":{"type":"invalid_request","code":"quota_exceeded","message":"This request exceeds your quota of 102695. You have 0 credits remaining, while 2157 credits are required for this request.","status":"quota_exceeded","request_id":"4ac5e863298940fc3bcf7706813d113e"}}
[184/188] Generating: 1ndviz5.mp3 (Practice(s) for the Week
        ▼, 1677 chars)
  -> ERROR: API returned 401: {"detail":{"type":"invalid_request","code":"quota_exceeded","message":"This request exceeds your quota of 102695. You have 0 credits remaining, while 1677 credits are required for this request.","status":"quota_exceeded","request_id":"e794dcf9ff3dc1dd3bcf7706813d111b"}}
[185/188] Generating: 1czhf7x.mp3 (The Concept
        ▼, 2914 chars)
  -> ERROR: API returned 401: {"detail":{"type":"invalid_request","code":"quota_exceeded","message":"This request exceeds your quota of 102695. You have 0 credits remaining, while 2914 credits are required for this request.","status":"quota_exceeded","request_id":"ff594a6843508ba93bcf7706813d1e1c"}}
[186/188] Generating: 10laayn_part1.mp3 (In Practice
        ▼ (part 1), 3970 chars)
  -> ERROR: API returned 401: {"detail":{"type":"invalid_request","code":"quota_exceeded","message":"This request exceeds your quota of 102695. You have 0 credits remaining, while 3970 credits are required for this request.","status":"quota_exceeded","request_id":"baf9ecd7aeb36648d2d334a0e6ecc170"}}
[187/188] Generating: 10laayn_part2.mp3 (In Practice
        ▼ (part 2), 225 chars)
  -> ERROR: API returned 401: {"detail":{"type":"invalid_request","code":"quota_exceeded","message":"This request exceeds your quota of 102695. You have 0 credits remaining, while 225 credits are required for this request.","status":"quota_exceeded","request_id":"bacbacf9a7505eded2d334a0e6ecc001"}}
[188/188] Generating: 1y7dcvs.mp3 (Practice(s) for the Week
        ▼, 834 chars)
  -> ERROR: API returned 401: {"detail":{"type":"invalid_request","code":"quota_exceeded","message":"This request exceeds your quota of 102695. You have 0 credits remaining, while 834 credits are required for this request.","status":"quota_exceeded","request_id":"f1b37eb076b0df2cd2d334a0e6ecc71d"}}

Done! Audio files are in ./audio/
